.map !kick c10 n35
.map !kick c10 n36
.map !snare c10 n38
.map !chihat c10 n42
.map !ohihat c10 n46
.map null c10	; Kill remaining drums
;.map null ; Silence everything
.map accord p22
.map oguitar p30
.map dguitar p31
.map abass p33
.map fbass p34
.map pbass p35
.map abass p36
.map pbass p37
.map pbass p38
.map fbass p39
.map fbass p40
.map violin p41
.map viola p42
.map cello p43
.map cbass p44
.map oboe p69
.map asax p66
.map tsax p67
.map bassoon p71
.map clarinet p72
.map piccolo p73
.map flute p74
.map recorder p75
.map default	; Everything
.pat default 32 74-flute.pat	; Load patch with polyphony
.pat !kick 2 d35-kick.pat
.pat !snare 2 d38-snare.pat
.pat !chihat 2 d42-chihat.pat
.pat !ohihat 2 d46-ohihat.pat
.pat accord 20 22-accord.pat
.pat oguitar 10 30-oguitar.pat
.pat dguitar 10 31-dguitar.pat
.pat abass 10 33-abass.pat
.pat fbass 10 34-fbass.pat
.pat pbass 10 35-pbass.pat
.pat violin 8 41-violin.pat
.pat viola 8 42-viola.pat
.pat cello 8 43-cello.pat
.pat cbass 8 44-cbass.pat
.pat asax 3 66-asax.pat
.pat tsax 3 67-tsax.pat
.pat oboe 3 69-oboe.pat
.pat bassoon 3 71-bassoon.pat
.pat clarinet 3 72-clarinet.pat
.pat piccolo 3 73-piccolo.pat
.pat flute 3 74-flute.pat
.pat recorder 3 75-recorder.pat
.pat null 1 null.pat	; Load monophonic patch (null patch)
.set
